// Jest Snapshot v1, https://goo.gl/fbAQLP

exports[`UpdateMethod should execute custom script correctly 1`] = `
Array [
  "===========BEGIN==============
const React = require(\\"React\\");

class TEST extends React.Component {
  render() {
    return <h2>test case </h2>;
  }
}
module.exports = TEST;

===========END==============",
  "===========BEGIN==============
firstLetter
HELLOWORLD
BIGBANG@@@
===========END==============",
  "===========BEGIN==============
process.argv.length =  0
===========END==============",
  "===========BEGIN==============
Special FOlders\\"$1
|       FOR NODEJS
 \\\\-----  sPecila File.txt

===========END==============",
  "Special FOlders\\"$1
|     FOR BASH
 \\\\-----  sPecila File.txt",
]
`;
